Archive member included to satisfy reference by file (symbol)

c:/program files (x86)/gnu arm eclipse/build tools/arm-none-eabi-gcc/bin/../lib/gcc/arm-none-eabi/9.3.1/../../../../arm-none-eabi/lib/thumb/v7e-m+fp/hard\libg_nano.a(lib_a-exit.o)
                              c:/program files (x86)/gnu arm eclipse/build tools/arm-none-eabi-gcc/bin/../lib/gcc/arm-none-eabi/9.3.1/../../../../arm-none-eabi/lib/thumb/v7e-m+fp/hard/crt0.o (exit)
c:/program files (x86)/gnu arm eclipse/build tools/arm-none-eabi-gcc/bin/../lib/gcc/arm-none-eabi/9.3.1/../../../../arm-none-eabi/lib/thumb/v7e-m+fp/hard\libg_nano.a(lib_a-impure.o)
                              c:/program files (x86)/gnu arm eclipse/build tools/arm-none-eabi-gcc/bin/../lib/gcc/arm-none-eabi/9.3.1/../../../../arm-none-eabi/lib/thumb/v7e-m+fp/hard\libg_nano.a(lib_a-exit.o) (_global_impure_ptr)
c:/program files (x86)/gnu arm eclipse/build tools/arm-none-eabi-gcc/bin/../lib/gcc/arm-none-eabi/9.3.1/../../../../arm-none-eabi/lib/thumb/v7e-m+fp/hard\libg_nano.a(lib_a-init.o)
                              c:/program files (x86)/gnu arm eclipse/build tools/arm-none-eabi-gcc/bin/../lib/gcc/arm-none-eabi/9.3.1/../../../../arm-none-eabi/lib/thumb/v7e-m+fp/hard/crt0.o (__libc_init_array)
c:/program files (x86)/gnu arm eclipse/build tools/arm-none-eabi-gcc/bin/../lib/gcc/arm-none-eabi/9.3.1/../../../../arm-none-eabi/lib/thumb/v7e-m+fp/hard\libg_nano.a(lib_a-memcpy-stub.o)
                              ./FREE_RTOS/queue.o (memcpy)
c:/program files (x86)/gnu arm eclipse/build tools/arm-none-eabi-gcc/bin/../lib/gcc/arm-none-eabi/9.3.1/../../../../arm-none-eabi/lib/thumb/v7e-m+fp/hard\libg_nano.a(lib_a-memset.o)
                              c:/program files (x86)/gnu arm eclipse/build tools/arm-none-eabi-gcc/bin/../lib/gcc/arm-none-eabi/9.3.1/../../../../arm-none-eabi/lib/thumb/v7e-m+fp/hard/crt0.o (memset)
c:/program files (x86)/gnu arm eclipse/build tools/arm-none-eabi-gcc/bin/../lib/gcc/arm-none-eabi/9.3.1/../../../../arm-none-eabi/lib/thumb/v7e-m+fp/hard\libnosys.a(_exit.o)
                              c:/program files (x86)/gnu arm eclipse/build tools/arm-none-eabi-gcc/bin/../lib/gcc/arm-none-eabi/9.3.1/../../../../arm-none-eabi/lib/thumb/v7e-m+fp/hard\libg_nano.a(lib_a-exit.o) (_exit)

Allocating common symbols
Common symbol       size              file

xQueueRegistry      0x40              ./FREE_RTOS/queue.o

Discarded input sections

 .text          0x00000000        0x0 c:/program files (x86)/gnu arm eclipse/build tools/arm-none-eabi-gcc/bin/../lib/gcc/arm-none-eabi/9.3.1/thumb/v7e-m+fp/hard/crti.o
 .data          0x00000000        0x0 c:/program files (x86)/gnu arm eclipse/build tools/arm-none-eabi-gcc/bin/../lib/gcc/arm-none-eabi/9.3.1/thumb/v7e-m+fp/hard/crti.o
 .bss           0x00000000        0x0 c:/program files (x86)/gnu arm eclipse/build tools/arm-none-eabi-gcc/bin/../lib/gcc/arm-none-eabi/9.3.1/thumb/v7e-m+fp/hard/crti.o
 .data          0x00000000        0x4 c:/program files (x86)/gnu arm eclipse/build tools/arm-none-eabi-gcc/bin/../lib/gcc/arm-none-eabi/9.3.1/thumb/v7e-m+fp/hard/crtbegin.o
 .text          0x00000000       0x7c c:/program files (x86)/gnu arm eclipse/build tools/arm-none-eabi-gcc/bin/../lib/gcc/arm-none-eabi/9.3.1/../../../../arm-none-eabi/lib/thumb/v7e-m+fp/hard/crt0.o
 .data          0x00000000        0x0 c:/program files (x86)/gnu arm eclipse/build tools/arm-none-eabi-gcc/bin/../lib/gcc/arm-none-eabi/9.3.1/../../../../arm-none-eabi/lib/thumb/v7e-m+fp/hard/crt0.o
 .bss           0x00000000        0x0 c:/program files (x86)/gnu arm eclipse/build tools/arm-none-eabi-gcc/bin/../lib/gcc/arm-none-eabi/9.3.1/../../../../arm-none-eabi/lib/thumb/v7e-m+fp/hard/crt0.o
 .ARM.extab     0x00000000        0x0 c:/program files (x86)/gnu arm eclipse/build tools/arm-none-eabi-gcc/bin/../lib/gcc/arm-none-eabi/9.3.1/../../../../arm-none-eabi/lib/thumb/v7e-m+fp/hard/crt0.o
 .ARM.exidx     0x00000000       0x10 c:/program files (x86)/gnu arm eclipse/build tools/arm-none-eabi-gcc/bin/../lib/gcc/arm-none-eabi/9.3.1/../../../../arm-none-eabi/lib/thumb/v7e-m+fp/hard/crt0.o
 .ARM.attributes
                0x00000000       0x1c c:/program files (x86)/gnu arm eclipse/build tools/arm-none-eabi-gcc/bin/../lib/gcc/arm-none-eabi/9.3.1/../../../../arm-none-eabi/lib/thumb/v7e-m+fp/hard/crt0.o
 .group         0x00000000        0xc ./StdPeriphDriver/apm32f4xx_adc.o
 .group         0x00000000        0xc ./StdPeriphDriver/apm32f4xx_adc.o
 .group         0x00000000        0xc ./StdPeriphDriver/apm32f4xx_adc.o
 .group         0x00000000        0xc ./StdPeriphDriver/apm32f4xx_adc.o
 .group         0x00000000        0xc ./StdPeriphDriver/apm32f4xx_adc.o
 .group         0x00000000        0xc ./StdPeriphDriver/apm32f4xx_adc.o
 .group         0x00000000        0xc ./StdPeriphDriver/apm32f4xx_adc.o
 .group         0x00000000        0xc ./StdPeriphDriver/apm32f4xx_adc.o
 .group         0x00000000        0xc ./StdPeriphDriver/apm32f4xx_adc.o
[...]
Memory Configuration

Name             Origin             Length             Attributes
FLASH            0x08000000         0x000e0000         xr
RAM              0x20000000         0x00020000         xrw
CCMRAM           0x10000000         0x00010000         xrw
*default*        0x00000000         0xffffffff

Linker script and memory map

LOAD c:/program files (x86)/gnu arm eclipse/build tools/arm-none-eabi-gcc/bin/../lib/gcc/arm-none-eabi/9.3.1/thumb/v7e-m+fp/hard/crti.o
LOAD c:/program files (x86)/gnu arm eclipse/build tools/arm-none-eabi-gcc/bin/../lib/gcc/arm-none-eabi/9.3.1/thumb/v7e-m+fp/hard/crtbegin.o
LOAD c:/program files (x86)/gnu arm eclipse/build tools/arm-none-eabi-gcc/bin/../lib/gcc/arm-none-eabi/9.3.1/../../../../arm-none-eabi/lib/thumb/v7e-m+fp/hard/crt0.o
LOAD ./StdPeriphDriver/apm32f4xx_adc.o
LOAD ./StdPeriphDriver/apm32f4xx_can.o
LOAD ./StdPeriphDriver/apm32f4xx_crc.o
LOAD ./StdPeriphDriver/apm32f4xx_cryp.o
LOAD ./StdPeriphDriver/apm32f4xx_cryp_aes.o
LOAD ./StdPeriphDriver/apm32f4xx_cryp_des.o
LOAD ./StdPeriphDriver/apm32f4xx_cryp_tdes.o
LOAD ./StdPeriphDriver/apm32f4xx_dac.o
LOAD ./StdPeriphDriver/apm32f4xx_dbgmcu.o
LOAD ./StdPeriphDriver/apm32f4xx_dci.o
LOAD ./StdPeriphDriver/apm32f4xx_dma.o
LOAD ./StdPeriphDriver/apm32f4xx_dmc.o
LOAD ./StdPeriphDriver/apm32f4xx_eint.o
LOAD ./StdPeriphDriver/apm32f4xx_fmc.o
LOAD ./StdPeriphDriver/apm32f4xx_gpio.o
LOAD ./StdPeriphDriver/apm32f4xx_hash.o
LOAD ./StdPeriphDriver/apm32f4xx_hash_md5.o
LOAD ./StdPeriphDriver/apm32f4xx_hash_sha1.o
LOAD ./StdPeriphDriver/apm32f4xx_i2c.o
LOAD ./StdPeriphDriver/apm32f4xx_iwdt.o
LOAD ./StdPeriphDriver/apm32f4xx_misc.o
LOAD ./StdPeriphDriver/apm32f4xx_pmu.o
LOAD ./StdPeriphDriver/apm32f4xx_rcm.o
LOAD ./StdPeriphDriver/apm32f4xx_rng.o
LOAD ./StdPeriphDriver/apm32f4xx_rtc.o
LOAD ./StdPeriphDriver/apm32f4xx_sdio.o
LOAD ./StdPeriphDriver/apm32f4xx_smc.o
LOAD ./StdPeriphDriver/apm32f4xx_spi.o
LOAD ./StdPeriphDriver/apm32f4xx_syscfg.o
LOAD ./StdPeriphDriver/apm32f4xx_tmr.o
LOAD ./StdPeriphDriver/apm32f4xx_usart.o
LOAD ./StdPeriphDriver/apm32f4xx_wwdt.o
LOAD ./FREE_RTOS/portable/MemMang/heap_4.o
LOAD ./FREE_RTOS/portable/GCC/port.o
LOAD ./FREE_RTOS/croutine.o
LOAD ./FREE_RTOS/event_groups.o
LOAD ./FREE_RTOS/list.o
LOAD ./FREE_RTOS/queue.o
LOAD ./FREE_RTOS/stream_buffer.o
LOAD ./FREE_RTOS/tasks.o
LOAD ./FREE_RTOS/timers.o
LOAD ./CMSIS/startup_apm32f40x.o
LOAD ./CMSIS/system_apm32f4xx.o
LOAD ./Board/Board.o
LOAD ./Application/apm32f4xx_int.o
LOAD ./Application/main.o
START GROUP
LOAD c:/program files (x86)/gnu arm eclipse/build tools/arm-none-eabi-gcc/bin/../lib/gcc/arm-none-eabi/9.3.1/thumb/v7e-m+fp/hard\libgcc.a
LOAD c:/program files (x86)/gnu arm eclipse/build tools/arm-none-eabi-gcc/bin/../lib/gcc/arm-none-eabi/9.3.1/../../../../arm-none-eabi/lib/thumb/v7e-m+fp/hard\libg_nano.a
LOAD c:/program files (x86)/gnu arm eclipse/build tools/arm-none-eabi-gcc/bin/../lib/gcc/arm-none-eabi/9.3.1/../../../../arm-none-eabi/lib/thumb/v7e-m+fp/hard\libc_nano.a
END GROUP
START GROUP
LOAD c:/program files (x86)/gnu arm eclipse/build tools/arm-none-eabi-gcc/bin/../lib/gcc/arm-none-eabi/9.3.1/thumb/v7e-m+fp/hard\libgcc.a
LOAD c:/program files (x86)/gnu arm eclipse/build tools/arm-none-eabi-gcc/bin/../lib/gcc/arm-none-eabi/9.3.1/../../../../arm-none-eabi/lib/thumb/v7e-m+fp/hard\libc_nano.a
LOAD c:/program files (x86)/gnu arm eclipse/build tools/arm-none-eabi-gcc/bin/../lib/gcc/arm-none-eabi/9.3.1/../../../../arm-none-eabi/lib/thumb/v7e-m+fp/hard\libnosys.a
END GROUP
START GROUP
LOAD c:/program files (x86)/gnu arm eclipse/build tools/arm-none-eabi-gcc/bin/../lib/gcc/arm-none-eabi/9.3.1/thumb/v7e-m+fp/hard\libgcc.a
LOAD c:/program files (x86)/gnu arm eclipse/build tools/arm-none-eabi-gcc/bin/../lib/gcc/arm-none-eabi/9.3.1/../../../../arm-none-eabi/lib/thumb/v7e-m+fp/hard\libc_nano.a
LOAD c:/program files (x86)/gnu arm eclipse/build tools/arm-none-eabi-gcc/bin/../lib/gcc/arm-none-eabi/9.3.1/../../../../arm-none-eabi/lib/thumb/v7e-m+fp/hard\libnosys.a
END GROUP
LOAD c:/program files (x86)/gnu arm eclipse/build tools/arm-none-eabi-gcc/bin/../lib/gcc/arm-none-eabi/9.3.1/thumb/v7e-m+fp/hard/crtend.o
LOAD c:/program files (x86)/gnu arm eclipse/build tools/arm-none-eabi-gcc/bin/../lib/gcc/arm-none-eabi/9.3.1/thumb/v7e-m+fp/hard/crtn.o
                0x08000000                _rom_base = 0x8000000
                0x000e0000                _rom_size = 0xe0000
                0x20000000                _ram_base = 0x20000000
                0x00020000                _ram_size = 0x20000
                0x10000000                _ccmram_base = 0x10000000
                0x00010000                _ccmram_size = 0x10000
                0x20020000                _end_stack = 0x20020000
                0x00000200                _heap_size = 0x200
                0x00000400                _stack_size = 0x400

.apm32_isr_vector
                0x08000000      0x194
                0x08000000                . = ALIGN (0x4)
 *(.apm32_isr_vector)
 .apm32_isr_vector
                0x08000000      0x194 ./CMSIS/startup_apm32f40x.o
                0x08000000                g_apm32_Vectors
                0x08000194                . = ALIGN (0x4)

.text           0x080001a0     0x1de4
                0x080001a0                . = ALIGN (0x4)
 *(.text)
 .text          0x080001a0       0x40 c:/program files (x86)/gnu arm eclipse/build tools/arm-none-eabi-gcc/bin/../lib/gcc/arm-none-eabi/9.3.1/thumb/v7e-m+fp/hard/crtbegin.o
 *(.text*)
 .text.pvPortMalloc
                0x080001e0      0x154 ./FREE_RTOS/portable/MemMang/heap_4.o
                0x080001e0                pvPortMalloc
 .text.vPortFree
                0x08000334       0x9c ./FREE_RTOS/portable/MemMang/heap_4.o
                0x08000334                vPortFree
 .text.prvTaskExitError
                0x080003d0       0x20 ./FREE_RTOS/portable/GCC/port.o
 .text.prvPortStartFirstTask
                0x080003f0       0x28 ./FREE_RTOS/portable/GCC/port.o
 .text.vPortEnableVFP
                0x08000418       0x14 ./FREE_RTOS/portable/GCC/port.o
 .text.pxPortInitialiseStack
                0x0800042c       0x30 ./FREE_RTOS/portable/GCC/port.o
                0x0800042c                pxPortInitialiseStack
 *fill*         0x0800045c        0x4 
 .text.SVC_Handler
                0x08000460       0x24 ./FREE_RTOS/portable/GCC/port.o
                0x08000460                SVC_Handler
 .text.vPortEnterCritical
                0x08000484       0x20 ./FREE_RTOS/portable/GCC/port.o
                0x08000484                vPortEnterCritical
 .text.vPortExitCritical
                0x080004a4       0x14 ./FREE_RTOS/portable/GCC/port.o
                0x080004a4                vPortExitCritical
 *fill*         0x080004b8        0x8 
 .text.PendSV_Handler
                0x080004c0       0x64 ./FREE_RTOS/portable/GCC/port.o
                0x080004c0                PendSV_Handler
 .text.SysTick_Handler
                0x08000524       0x2c ./FREE_RTOS/portable/GCC/port.o
                0x08000524                SysTick_Handler
 .text.vPortSetupTimerInterrupt
                0x08000550       0x3c ./FREE_RTOS/portable/GCC/port.o
                0x08000550                vPortSetupTimerInterrupt
 .text.xPortStartScheduler
                0x0800058c       0x60 ./FREE_RTOS/portable/GCC/port.o
                0x0800058c                xPortStartScheduler
 .text.vListInitialise
                0x080005ec       0x18 ./FREE_RTOS/list.o
                0x080005ec                vListInitialise
 .text.vListInitialiseItem
                0x08000604        0x8 ./FREE_RTOS/list.o
                0x08000604                vListInitialiseItem
 .text.vListInsertEnd
                0x0800060c       0x20 ./FREE_RTOS/list.o
                0x0800060c                vListInsertEnd
 .text.vListInsert
                0x0800062c       0x30 ./FREE_RTOS/list.o
                0x0800062c                vListInsert
 .text.uxListRemove
                0x0800065c       0x28 ./FREE_RTOS/list.o
                0x0800065c                uxListRemove
 .text.xQueueGenericCreate
                0x08000684       0x6c ./FREE_RTOS/queue.o
                0x08000684                xQueueGenericCreate
 .text.xQueueGenericSend
                0x080006f0      0x358 ./FREE_RTOS/queue.o
                0x080006f0                xQueueGenericSend
 .text.xQueueReceive
                0x08000a48      0x2b4 ./FREE_RTOS/queue.o
                0x08000a48                xQueueReceive
 .text.vQueueAddToRegistry
                0x08000cfc       0x54 ./FREE_RTOS/queue.o
                0x08000cfc                vQueueAddToRegistry
 .text.vQueueWaitForMessageRestricted
                0x08000d50       0xcc ./FREE_RTOS/queue.o
                0x08000d50                vQueueWaitForMessageRestricted
 .text.prvIdleTask
                0x08000e1c       0x70 ./FREE_RTOS/tasks.o
 .text.xTaskIncrementTick.part.0
                0x08000e8c      0x144 ./FREE_RTOS/tasks.o
 .text.xTaskCreate
                0x08000fd0      0x270 ./FREE_RTOS/tasks.o
                0x08000fd0                xTaskCreate
 .text.vTaskStartScheduler
                0x08001240      0x1f8 ./FREE_RTOS/tasks.o
                0x08001240                vTaskStartScheduler
 .text.vTaskSuspendAll
                0x08001438       0x10 ./FREE_RTOS/tasks.o
                0x08001438                vTaskSuspendAll
 .text.xTaskResumeAll
                0x08001448      0x140 ./FREE_RTOS/tasks.o
                0x08001448                xTaskResumeAll
 .text.vTaskDelay
                0x08001588       0x98 ./FREE_RTOS/tasks.o
                0x08001588                vTaskDelay
 .text.xTaskGetTickCount
                0x08001620        0xc ./FREE_RTOS/tasks.o
                0x08001620                xTaskGetTickCount
 .text.xTaskIncrementTick
                0x0800162c       0x20 ./FREE_RTOS/tasks.o
                0x0800162c                xTaskIncrementTick
 .text.vTaskSwitchContext
                0x0800164c       0x5c ./FREE_RTOS/tasks.o
                0x0800164c                vTaskSwitchContext
 .text.vTaskPlaceOnEventList
                0x080016a8       0x90 ./FREE_RTOS/tasks.o
                0x080016a8                vTaskPlaceOnEventList
 .text.vTaskPlaceOnEventListRestricted
                0x08001738       0xa4 ./FREE_RTOS/tasks.o
                0x08001738                vTaskPlaceOnEventListRestricted
 .text.xTaskRemoveFromEventList
                0x080017dc       0x7c ./FREE_RTOS/tasks.o
                0x080017dc                xTaskRemoveFromEventList
 .text.vTaskInternalSetTimeOutState
                0x08001858       0x18 ./FREE_RTOS/tasks.o
                0x08001858                vTaskInternalSetTimeOutState
 .text.xTaskCheckForTimeOut
                0x08001870       0x64 ./FREE_RTOS/tasks.o
                0x08001870                xTaskCheckForTimeOut
 .text.vTaskMissedYield
                0x080018d4        0xc ./FREE_RTOS/tasks.o
                0x080018d4                vTaskMissedYield
 .text.xTaskGetSchedulerState
                0x080018e0       0x20 ./FREE_RTOS/tasks.o
                0x080018e0                xTaskGetSchedulerState
 .text.xTaskPriorityDisinherit
                0x08001900       0x74 ./FREE_RTOS/tasks.o
                0x08001900                xTaskPriorityDisinherit
 .text.prvSwitchTimerLists
                0x08001974       0x88 ./FREE_RTOS/timers.o
 .text.prvTimerTask
                0x080019fc      0x238 ./FREE_RTOS/timers.o
 .text.xTimerCreateTimerTask
                0x08001c34       0x84 ./FREE_RTOS/timers.o
                0x08001c34                xTimerCreateTimerTask
 .text.Reset_Handler
                0x08001cb8       0x50 ./CMSIS/startup_apm32f40x.o
                0x08001cb8                Reset_Handler
 .text.Default_Handler
                0x08001d08        0x2 ./CMSIS/startup_apm32f40x.o
                0x08001d08                RTC_Alarm_IRQHandler
                0x08001d08                TMR1_UP_TMR10_IRQHandler
                0x08001d08                EMMC_IRQHandler
                0x08001d08                DMA2_STR1_IRQHandler
                0x08001d08                DMA2_STR5_IRQHandler
                0x08001d08                PVD_IRQHandler
                0x08001d08                SDIO_IRQHandler
                0x08001d08                TAMP_STAMP_IRQHandler
                0x08001d08                CAN2_RX1_IRQHandler
                0x08001d08                DCI_IRQHandler
                0x08001d08                EINT2_IRQHandler
                0x08001d08                EINT3_IRQHandler
                0x08001d08                I2C3_ER_IRQHandler
                0x08001d08                I2C2_EV_IRQHandler
                0x08001d08                CAN1_RX0_IRQHandler
                0x08001d08                FPU_IRQHandler
                0x08001d08                CAN2_SCE_IRQHandler
                0x08001d08                SPI1_IRQHandler
                0x08001d08                CAN2_RX0_IRQHandler
                0x08001d08                DMA2_STR3_IRQHandler
                0x08001d08                USART6_IRQHandler
                0x08001d08                OTG_HS1_WKUP_IRQHandler
                0x08001d08                USART3_IRQHandler
                0x08001d08                TMR1_TRG_COM_TMR11_IRQHandler
                0x08001d08                CAN1_RX1_IRQHandler
                0x08001d08                UART5_IRQHandler
                0x08001d08                EINT1_IRQHandler
                0x08001d08                I2C1_EV_IRQHandler
                0x08001d08                DMA1_STR7_IRQHandler
                0x08001d08                UART4_IRQHandler
                0x08001d08                BN_IRQHandler
                0x08001d08                Default_Handler
                0x08001d08                TMR5_IRQHandler
                0x08001d08                ADC_IRQHandler
                0x08001d08                TMR2_IRQHandler
                0x08001d08                TMR1_CC_IRQHandler
                0x08001d08                SM4_IRQHandler
                0x08001d08                CAN2_TX_IRQHandler
                0x08001d08                DMA1_STR6_IRQHandler
                0x08001d08                I2C3_EV_IRQHandler
                0x08001d08                DMA2_STR4_IRQHandler
                0x08001d08                RTC_WKUP_IRQHandler
                0x08001d08                DMA2_STR6_IRQHandler
                0x08001d08                TMR1_BRK_TMR9_IRQHandler
                0x08001d08                ETH_WKUP_IRQHandler
                0x08001d08                SPI2_IRQHandler
                0x08001d08                TMR8_BRK_TMR12_IRQHandler
                0x08001d08                DMA1_STR2_IRQHandler
                0x08001d08                DMA2_STR0_IRQHandler
                0x08001d08                TMR6_DAC_IRQHandler
                0x08001d08                DMA1_STR3_IRQHandler
                0x08001d08                CAN1_TX_IRQHandler
                0x08001d08                DMA1_STR4_IRQHandler
                0x08001d08                EINT9_5_IRQHandler
                0x08001d08                RCM_IRQHandler
                0x08001d08                DMA1_STR1_IRQHandler
                0x08001d08                EINT4_IRQHandler
                0x08001d08                RNG_IRQHandler
                0x08001d08                TMR7_IRQHandler
                0x08001d08                DMA2_STR2_IRQHandler
                0x08001d08                TMR4_IRQHandler
                0x08001d08                EINT0_IRQHandler
                0x08001d08                ETH_IRQHandler
                0x08001d08                DMA2_STR7_IRQHandler
                0x08001d08                TMR8_CC_IRQHandler
                0x08001d08                OTG_HS1_EP1_IN_IRQHandler
                0x08001d08                TMR3_IRQHandler
                0x08001d08                DMA1_STR0_IRQHandler
                0x08001d08                OTG_HS1_IRQHandler
                0x08001d08                OTG_FS_WKUP_IRQHandler
                0x08001d08                USART2_IRQHandler
                0x08001d08                SM3_IRQHandler
                0x08001d08                I2C2_ER_IRQHandler
                0x08001d08                CAN1_SCE_IRQHandler
                0x08001d08                FLASH_IRQHandler
                0x08001d08                USART1_IRQHandler
                0x08001d08                OTG_FS_IRQHandler
                0x08001d08                SPI3_IRQHandler
                0x08001d08                EINT15_10_IRQHandler
                0x08001d08                I2C1_ER_IRQHandler
                0x08001d08                TMR8_TRG_COM_TMR14_IRQHandler
                0x08001d08                DMA1_STR5_IRQHandler
                0x08001d08                OTG_HS1_EP1_OUT_IRQHandler
                0x08001d08                WWDT_IRQHandler
                0x08001d08                TMR8_UP_TMR13_IRQHandler
 *fill*         0x08001d0a        0x2 
 .text.SystemInit
                0x08001d0c      0x104 ./CMSIS/system_apm32f4xx.o
                0x08001d0c                SystemInit
 .text.SystemCoreClockUpdate
                0x08001e10       0x70 ./CMSIS/system_apm32f4xx.o
                0x08001e10                SystemCoreClockUpdate
 .text.NMI_Handler
                0x08001e80        0x4 ./Application/apm32f4xx_int.o
                0x08001e80                NMI_Handler
 .text.HardFault_Handler
                0x08001e84        0x4 ./Application/apm32f4xx_int.o
                0x08001e84                HardFault_Handler
 .text.MemManage_Handler
                0x08001e88        0x4 ./Application/apm32f4xx_int.o
                0x08001e88                MemManage_Handler
 .text.BusFault_Handler
                0x08001e8c        0x4 ./Application/apm32f4xx_int.o
                0x08001e8c                BusFault_Handler
 .text.UsageFault_Handler
                0x08001e90        0x4 ./Application/apm32f4xx_int.o
                0x08001e90                UsageFault_Handler
 .text.DebugMon_Handler
                0x08001e94        0x4 ./Application/apm32f4xx_int.o
                0x08001e94                DebugMon_Handler
 .text.vTaskLedToggle
                0x08001e98        0xc ./Application/main.o
                0x08001e98                vTaskLedToggle
 .text.vTaskUsartTest
                0x08001ea4        0xc ./Application/main.o
                0x08001ea4                vTaskUsartTest
 .text.startup.main
                0x08001eb0       0x48 ./Application/main.o
                0x08001eb0                main
 .text.__libc_init_array
                0x08001ef8       0x48 c:/program files (x86)/gnu arm eclipse/build tools/arm-none-eabi-gcc/bin/../lib/gcc/arm-none-eabi/9.3.1/../../../../arm-none-eabi/lib/thumb/v7e-m+fp/hard\libg_nano.a(lib_a-init.o)
                0x08001ef8                __libc_init_array
 .text.memcpy   0x08001f40       0x1c c:/program files (x86)/gnu arm eclipse/build tools/arm-none-eabi-gcc/bin/../lib/gcc/arm-none-eabi/9.3.1/../../../../arm-none-eabi/lib/thumb/v7e-m+fp/hard\libg_nano.a(lib_a-memcpy-stub.o)
                0x08001f40                memcpy
 .text.memset   0x08001f5c       0x10 c:/program files (x86)/gnu arm eclipse/build tools/arm-none-eabi-gcc/bin/../lib/gcc/arm-none-eabi/9.3.1/../../../../arm-none-eabi/lib/thumb/v7e-m+fp/hard\libg_nano.a(lib_a-memset.o)
                0x08001f5c                memset
 *(.glue_7)
 .glue_7        0x08001f6c        0x0 linker stubs
 *(.glue_7t)
 .glue_7t       0x08001f6c        0x0 linker stubs
 *(.eh_frame)
 .eh_frame      0x08001f6c        0x0 c:/program files (x86)/gnu arm eclipse/build tools/arm-none-eabi-gcc/bin/../lib/gcc/arm-none-eabi/9.3.1/thumb/v7e-m+fp/hard/crtbegin.o
 *(.init)
 .init          0x08001f6c        0x4 c:/program files (x86)/gnu arm eclipse/build tools/arm-none-eabi-gcc/bin/../lib/gcc/arm-none-eabi/9.3.1/thumb/v7e-m+fp/hard/crti.o
                0x08001f6c                _init
 .init          0x08001f70        0x8 c:/program files (x86)/gnu arm eclipse/build tools/arm-none-eabi-gcc/bin/../lib/gcc/arm-none-eabi/9.3.1/thumb/v7e-m+fp/hard/crtn.o
 *(.fini)
 .fini          0x08001f78        0x4 c:/program files (x86)/gnu arm eclipse/build tools/arm-none-eabi-gcc/bin/../lib/gcc/arm-none-eabi/9.3.1/thumb/v7e-m+fp/hard/crti.o
                0x08001f78                _fini
 .fini          0x08001f7c        0x8 c:/program files (x86)/gnu arm eclipse/build tools/arm-none-eabi-gcc/bin/../lib/gcc/arm-none-eabi/9.3.1/thumb/v7e-m+fp/hard/crtn.o
                0x08001f84                . = ALIGN (0x4)
                0x08001f84                _etext = .

.vfp11_veneer   0x08001f84        0x0
 .vfp11_veneer  0x08001f84        0x0 linker stubs

.v4_bx          0x08001f84        0x0
 .v4_bx         0x08001f84        0x0 linker stubs

.iplt           0x08001f84        0x0
 .iplt          0x08001f84        0x0 c:/program files (x86)/gnu arm eclipse/build tools/arm-none-eabi-gcc/bin/../lib/gcc/arm-none-eabi/9.3.1/thumb/v7e-m+fp/hard/crtbegin.o

.rodata         0x08001f84       0x30
                0x08001f84                . = ALIGN (0x4)
 *(.rodata)
 *(.rodata*)
 .rodata.xTimerCreateTimerTask.str1.4
                0x08001f84       0x10 ./FREE_RTOS/timers.o
 .rodata.main.str1.4
                0x08001f94       0x1e ./Application/main.o
                0x08001fb4                . = ALIGN (0x4)
 *fill*         0x08001fb2        0x2 

.rel.dyn        0x08001fb4        0x0
 .rel.iplt      0x08001fb4        0x0 c:/program files (x86)/gnu arm eclipse/build tools/arm-none-eabi-gcc/bin/../lib/gcc/arm-none-eabi/9.3.1/thumb/v7e-m+fp/hard/crtbegin.o

.ARM.extab
 *(.ARM.extab* .gnu.linkonce.armextab.*)

.ARM            0x08001fb4        0x0
                0x08001fb4                __exidx_start = .
 *(.ARM.exidx*)
                0x08001fb4                __exidx_end = .

.preinit_array  0x08001fb4        0x0
                0x08001fb4                PROVIDE (__preinit_array_start = .)
 *(.preinit_array*)
                0x08001fb4                PROVIDE (__preinit_array_end = .)

.init_array     0x08001fb4        0x4
                0x08001fb4                PROVIDE (__init_array_start = .)
 *(SORT_BY_NAME(.init_array.*))
 *(.init_array*)
 .init_array    0x08001fb4        0x4 c:/program files (x86)/gnu arm eclipse/build tools/arm-none-eabi-gcc/bin/../lib/gcc/arm-none-eabi/9.3.1/thumb/v7e-m+fp/hard/crtbegin.o
                0x08001fb8                PROVIDE (__init_array_end = .)

.fini_array     0x08001fb8        0x4
                [!provide]                PROVIDE (__fini_array_start = .)
 *(SORT_BY_NAME(.fini_array.*))
 *(.fini_array*)
 .fini_array    0x08001fb8        0x4 c:/program files (x86)/gnu arm eclipse/build tools/arm-none-eabi-gcc/bin/../lib/gcc/arm-none-eabi/9.3.1/thumb/v7e-m+fp/hard/crtbegin.o
                [!provide]                PROVIDE (__fini_array_end = .)
                0x08001fbc                _start_address_init_data = LOADADDR (.data)

.data           0x20000000       0x1c load address 0x08001fbc
                0x20000000                . = ALIGN (0x4)
                0x20000000                _start_address_data = .
 *(.data)
 *(.data*)
 .data.uxCriticalNesting
                0x20000000        0x4 ./FREE_RTOS/portable/GCC/port.o
 .data.uxTopUsedPriority
                0x20000004        0x4 ./FREE_RTOS/tasks.o
                0x20000004                uxTopUsedPriority
 .data.AHBPrescTable
                0x20000008       0x10 ./CMSIS/system_apm32f4xx.o
                0x20000008                AHBPrescTable
 .data.SystemCoreClock
                0x20000018        0x4 ./CMSIS/system_apm32f4xx.o
                0x20000018                SystemCoreClock
                0x2000001c                . = ALIGN (0x4)
                0x2000001c                _end_address_data = .
                0x08001fd8                _siccmram = LOADADDR (.ccmram)

.igot.plt       0x2000001c        0x0 load address 0x08001fd8
 .igot.plt      0x2000001c        0x0 c:/program files (x86)/gnu arm eclipse/build tools/arm-none-eabi-gcc/bin/../lib/gcc/arm-none-eabi/9.3.1/thumb/v7e-m+fp/hard/crtbegin.o

.ccmram         0x10000000        0x8 load address 0x08001fd8
                0x10000000                . = ALIGN (0x4)
                0x10000000                _sccmram = .
 *(.ccmram)
 .ccmram        0x10000000        0x8 ./Application/main.o
 *(.ccmram*)
                0x10000008                . = ALIGN (0x4)
                0x10000008                _eccmram = .
                0x10000008                . = ALIGN (0x4)

.bss            0x2000001c    0x12dbc
                0x2000001c                _start_address_bss = .
                0x2000001c                __bss_start__ = _start_address_bss
 *(.bss)
 .bss           0x2000001c       0x1c c:/program files (x86)/gnu arm eclipse/build tools/arm-none-eabi-gcc/bin/../lib/gcc/arm-none-eabi/9.3.1/thumb/v7e-m+fp/hard/crtbegin.o
 *(.bss*)
 .bss.pxEnd     0x20000038        0x4 ./FREE_RTOS/portable/MemMang/heap_4.o
 .bss.ucHeap    0x2000003c    0x12c00 ./FREE_RTOS/portable/MemMang/heap_4.o
 .bss.xBlockAllocatedBit
                0x20012c3c        0x4 ./FREE_RTOS/portable/MemMang/heap_4.o
 .bss.xFreeBytesRemaining
                0x20012c40        0x4 ./FREE_RTOS/portable/MemMang/heap_4.o
 .bss.xMinimumEverFreeBytesRemaining
                0x20012c44        0x4 ./FREE_RTOS/portable/MemMang/heap_4.o
 .bss.xNumberOfSuccessfulAllocations
                0x20012c48        0x4 ./FREE_RTOS/portable/MemMang/heap_4.o
 .bss.xNumberOfSuccessfulFrees
                0x20012c4c        0x4 ./FREE_RTOS/portable/MemMang/heap_4.o
 .bss.xStart    0x20012c50        0x8 ./FREE_RTOS/portable/MemMang/heap_4.o
 .bss.pxCurrentTCB
                0x20012c58        0x4 ./FREE_RTOS/tasks.o
                0x20012c58                pxCurrentTCB
 .bss.pxDelayedTaskList
                0x20012c5c        0x4 ./FREE_RTOS/tasks.o
 .bss.pxOverflowDelayedTaskList
                0x20012c60        0x4 ./FREE_RTOS/tasks.o
 .bss.pxReadyTasksLists
                0x20012c64       0x64 ./FREE_RTOS/tasks.o
 .bss.uxCurrentNumberOfTasks
                0x20012cc8        0x4 ./FREE_RTOS/tasks.o
 .bss.uxDeletedTasksWaitingCleanUp
                0x20012ccc        0x4 ./FREE_RTOS/tasks.o
 .bss.uxSchedulerSuspended
                0x20012cd0        0x4 ./FREE_RTOS/tasks.o
 .bss.uxTaskNumber
                0x20012cd4        0x4 ./FREE_RTOS/tasks.o
 .bss.uxTopReadyPriority
                0x20012cd8        0x4 ./FREE_RTOS/tasks.o
 .bss.xDelayedTaskList1
                0x20012cdc       0x14 ./FREE_RTOS/tasks.o
 .bss.xDelayedTaskList2
                0x20012cf0       0x14 ./FREE_RTOS/tasks.o
 .bss.xIdleTaskHandle
                0x20012d04        0x4 ./FREE_RTOS/tasks.o
 .bss.xNextTaskUnblockTime
                0x20012d08        0x4 ./FREE_RTOS/tasks.o
 .bss.xNumOfOverflows
                0x20012d0c        0x4 ./FREE_RTOS/tasks.o
 .bss.xPendedTicks
                0x20012d10        0x4 ./FREE_RTOS/tasks.o
 .bss.xPendingReadyList
                0x20012d14       0x14 ./FREE_RTOS/tasks.o
 .bss.xSchedulerRunning
                0x20012d28        0x4 ./FREE_RTOS/tasks.o
 .bss.xSuspendedTaskList
                0x20012d2c       0x14 ./FREE_RTOS/tasks.o
 .bss.xTasksWaitingTermination
                0x20012d40       0x14 ./FREE_RTOS/tasks.o
 .bss.xTickCount
                0x20012d54        0x4 ./FREE_RTOS/tasks.o
 .bss.xYieldPending
                0x20012d58        0x4 ./FREE_RTOS/tasks.o
 .bss.pxCurrentTimerList
                0x20012d5c        0x4 ./FREE_RTOS/timers.o
 .bss.pxOverflowTimerList
                0x20012d60        0x4 ./FREE_RTOS/timers.o
 .bss.xActiveTimerList1
                0x20012d64       0x14 ./FREE_RTOS/timers.o
 .bss.xActiveTimerList2
                0x20012d78       0x14 ./FREE_RTOS/timers.o
 .bss.xLastTime.6864
                0x20012d8c        0x4 ./FREE_RTOS/timers.o
 .bss.xTimerQueue
                0x20012d90        0x4 ./FREE_RTOS/timers.o
 .bss.xTimerTaskHandle
                0x20012d94        0x4 ./FREE_RTOS/timers.o
 *(COMMON)
 COMMON         0x20012d98       0x40 ./FREE_RTOS/queue.o
                0x20012d98                xQueueRegistry
                0x20012dd8                . = ALIGN (0x4)
                0x20012dd8                _end_address_bss = .
                0x20012dd8                __bss_end__ = _end_address_bss

._user_heap_stack
                0x20012dd8      0x600
                0x20012dd8                . = ALIGN (0x8)
                [!provide]                PROVIDE (end = .)
                [!provide]                PROVIDE (_end = .)
                0x20012fd8                . = (. + _heap_size)
 *fill*         0x20012dd8      0x200 
                0x200133d8                . = (. + _stack_size)
 *fill*         0x20012fd8      0x400 
                0x200133d8                . = ALIGN (0x8)

/DISCARD/
 libc.a(*)
 libm.a(*)
 libgcc.a(*)

.ARM.attributes
                0x00000000       0x2e
 *(.ARM.attributes)
 .ARM.attributes
                0x00000000       0x1e c:/program files (x86)/gnu arm eclipse/build tools/arm-none-eabi-gcc/bin/../lib/gcc/arm-none-eabi/9.3.1/thumb/v7e-m+fp/hard/crti.o
 .ARM.attributes
                0x0000001e       0x34 c:/program files (x86)/gnu arm eclipse/build tools/arm-none-eabi-gcc/bin/../lib/gcc/arm-none-eabi/9.3.1/thumb/v7e-m+fp/hard/crtbegin.o
 .ARM.attributes
                0x00000052       0x32 ./FREE_RTOS/portable/MemMang/heap_4.o
 .ARM.attributes
                0x00000084       0x32 ./FREE_RTOS/portable/GCC/port.o
 .ARM.attributes
                0x000000b6       0x32 ./FREE_RTOS/list.o
 .ARM.attributes
                0x000000e8       0x32 ./FREE_RTOS/queue.o
 .ARM.attributes
                0x0000011a       0x32 ./FREE_RTOS/tasks.o
 .ARM.attributes
                0x0000014c       0x32 ./FREE_RTOS/timers.o
 .ARM.attributes
                0x0000017e       0x21 ./CMSIS/startup_apm32f40x.o
 .ARM.attributes
                0x0000019f       0x32 ./CMSIS/system_apm32f4xx.o
 .ARM.attributes
                0x000001d1       0x32 ./Application/apm32f4xx_int.o
 .ARM.attributes
                0x00000203       0x32 ./Application/main.o
 .ARM.attributes
                0x00000235       0x34 c:/program files (x86)/gnu arm eclipse/build tools/arm-none-eabi-gcc/bin/../lib/gcc/arm-none-eabi/9.3.1/../../../../arm-none-eabi/lib/thumb/v7e-m+fp/hard\libg_nano.a(lib_a-init.o)
 .ARM.attributes
                0x00000269       0x34 c:/program files (x86)/gnu arm eclipse/build tools/arm-none-eabi-gcc/bin/../lib/gcc/arm-none-eabi/9.3.1/../../../../arm-none-eabi/lib/thumb/v7e-m+fp/hard\libg_nano.a(lib_a-memcpy-stub.o)
 .ARM.attributes
                0x0000029d       0x34 c:/program files (x86)/gnu arm eclipse/build tools/arm-none-eabi-gcc/bin/../lib/gcc/arm-none-eabi/9.3.1/../../../../arm-none-eabi/lib/thumb/v7e-m+fp/hard\libg_nano.a(lib_a-memset.o)
 .ARM.attributes
                0x000002d1       0x1e c:/program files (x86)/gnu arm eclipse/build tools/arm-none-eabi-gcc/bin/../lib/gcc/arm-none-eabi/9.3.1/thumb/v7e-m+fp/hard/crtn.o
OUTPUT(FreeRTOS.elf elf32-littlearm)
LOAD linker stubs
LOAD c:/program files (x86)/gnu arm eclipse/build tools/arm-none-eabi-gcc/bin/../lib/gcc/arm-none-eabi/9.3.1/../../../../arm-none-eabi/lib/thumb/v7e-m+fp/hard\libc.a
LOAD c:/program files (x86)/gnu arm eclipse/build tools/arm-none-eabi-gcc/bin/../lib/gcc/arm-none-eabi/9.3.1/../../../../arm-none-eabi/lib/thumb/v7e-m+fp/hard\libm.a
LOAD c:/program files (x86)/gnu arm eclipse/build tools/arm-none-eabi-gcc/bin/../lib/gcc/arm-none-eabi/9.3.1/thumb/v7e-m+fp/hard\libgcc.a

.debug_info     0x00000000     0xe4f8
 .debug_info    0x00000000      0xe57 ./FREE_RTOS/portable/MemMang/heap_4.o
 .debug_info    0x00000e57      0x3c8 ./FREE_RTOS/portable/GCC/port.o
 .debug_info    0x0000121f      0xb95 ./FREE_RTOS/list.o
 .debug_info    0x00001db4     0x34ab ./FREE_RTOS/queue.o
 .debug_info    0x0000525f     0x3f48 ./FREE_RTOS/tasks.o
 .debug_info    0x000091a7     0x1dda ./FREE_RTOS/timers.o
 .debug_info    0x0000af81       0x22 ./CMSIS/startup_apm32f40x.o
 .debug_info    0x0000afa3     0x26fd ./CMSIS/system_apm32f4xx.o
 .debug_info    0x0000d6a0      0x126 ./Application/apm32f4xx_int.o
 .debug_info    0x0000d7c6      0xd32 ./Application/main.o

.debug_abbrev   0x00000000     0x1c54
 .debug_abbrev  0x00000000      0x3ad ./FREE_RTOS/portable/MemMang/heap_4.o
 .debug_abbrev  0x000003ad      0x22e ./FREE_RTOS/portable/GCC/port.o
 .debug_abbrev  0x000005db      0x24c ./FREE_RTOS/list.o
 .debug_abbrev  0x00000827      0x493 ./FREE_RTOS/queue.o
 .debug_abbrev  0x00000cba      0x5ae ./FREE_RTOS/tasks.o
 .debug_abbrev  0x00001268      0x445 ./FREE_RTOS/timers.o
 .debug_abbrev  0x000016ad       0x12 ./CMSIS/startup_apm32f40x.o
 .debug_abbrev  0x000016bf      0x20c ./CMSIS/system_apm32f4xx.o
 .debug_abbrev  0x000018cb       0xb7 ./Application/apm32f4xx_int.o
 .debug_abbrev  0x00001982      0x2d2 ./Application/main.o

.debug_loc      0x00000000     0x710f
 .debug_loc     0x00000000      0x579 ./FREE_RTOS/portable/MemMang/heap_4.o
 .debug_loc     0x00000579       0xce ./FREE_RTOS/portable/GCC/port.o
 .debug_loc     0x00000647       0xbc ./FREE_RTOS/list.o
 .debug_loc     0x00000703     0x2643 ./FREE_RTOS/queue.o
 .debug_loc     0x00002d46     0x32f9 ./FREE_RTOS/tasks.o
 .debug_loc     0x0000603f     0x102b ./FREE_RTOS/timers.o
 .debug_loc     0x0000706a       0x5b ./CMSIS/system_apm32f4xx.o
 .debug_loc     0x000070c5       0x4a ./Application/main.o

.debug_aranges  0x00000000      0x508
 .debug_aranges
                0x00000000       0x48 ./FREE_RTOS/portable/MemMang/heap_4.o
 .debug_aranges
                0x00000048       0x78 ./FREE_RTOS/portable/GCC/port.o
 .debug_aranges
                0x000000c0       0x40 ./FREE_RTOS/list.o
 .debug_aranges
                0x00000100       0xf0 ./FREE_RTOS/queue.o
 .debug_aranges
                0x000001f0      0x1b8 ./FREE_RTOS/tasks.o
 .debug_aranges
                0x000003a8       0x98 ./FREE_RTOS/timers.o
 .debug_aranges
                0x00000440       0x28 ./CMSIS/startup_apm32f40x.o
 .debug_aranges
                0x00000468       0x28 ./CMSIS/system_apm32f4xx.o
 .debug_aranges
                0x00000490       0x40 ./Application/apm32f4xx_int.o
 .debug_aranges
                0x000004d0       0x38 ./Application/main.o

.debug_ranges   0x00000000     0x1178
 .debug_ranges  0x00000000       0x70 ./FREE_RTOS/portable/MemMang/heap_4.o
 .debug_ranges  0x00000070       0x80 ./FREE_RTOS/portable/GCC/port.o
 .debug_ranges  0x000000f0       0x30 ./FREE_RTOS/list.o
 .debug_ranges  0x00000120      0x5c0 ./FREE_RTOS/queue.o
 .debug_ranges  0x000006e0      0x778 ./FREE_RTOS/tasks.o
 .debug_ranges  0x00000e58      0x278 ./FREE_RTOS/timers.o
 .debug_ranges  0x000010d0       0x20 ./CMSIS/startup_apm32f40x.o
 .debug_ranges  0x000010f0       0x30 ./CMSIS/system_apm32f4xx.o
 .debug_ranges  0x00001120       0x30 ./Application/apm32f4xx_int.o
 .debug_ranges  0x00001150       0x28 ./Application/main.o

.debug_macro    0x00000000     0x304d
 .debug_macro   0x00000000      0x19f ./FREE_RTOS/portable/MemMang/heap_4.o
 .debug_macro   0x0000019f       0x17 ./FREE_RTOS/portable/MemMang/heap_4.o
 .debug_macro   0x000001b6       0x5e ./FREE_RTOS/portable/MemMang/heap_4.o
 .debug_macro   0x00000214       0x94 ./FREE_RTOS/portable/MemMang/heap_4.o
 .debug_macro   0x000002a8       0x35 ./FREE_RTOS/portable/MemMang/heap_4.o
 .debug_macro   0x000002dd       0x34 ./FREE_RTOS/portable/MemMang/heap_4.o
 .debug_macro   0x00000311       0x16 ./FREE_RTOS/portable/MemMang/heap_4.o
 .debug_macro   0x00000327      0x10e ./FREE_RTOS/portable/MemMang/heap_4.o
 .debug_macro   0x00000435       0x8d ./FREE_RTOS/portable/MemMang/heap_4.o
 .debug_macro   0x000004c2       0x16 ./FREE_RTOS/portable/MemMang/heap_4.o
 .debug_macro   0x000004d8       0x43 ./FREE_RTOS/portable/MemMang/heap_4.o
 .debug_macro   0x0000051b       0x57 ./FREE_RTOS/portable/MemMang/heap_4.o
 .debug_macro   0x00000572       0x34 ./FREE_RTOS/portable/MemMang/heap_4.o
 .debug_macro   0x000005a6       0x10 ./FREE_RTOS/portable/MemMang/heap_4.o
 .debug_macro   0x000005b6       0x58 ./FREE_RTOS/portable/MemMang/heap_4.o
 .debug_macro   0x0000060e      0x182 ./FREE_RTOS/portable/MemMang/heap_4.o
 .debug_macro   0x00000790      0x339 ./FREE_RTOS/portable/MemMang/heap_4.o
 .debug_macro   0x00000ac9       0x16 ./FREE_RTOS/portable/MemMang/heap_4.o
 .debug_macro   0x00000adf       0x29 ./FREE_RTOS/portable/MemMang/heap_4.o
 .debug_macro   0x00000b08      0x100 ./FREE_RTOS/portable/MemMang/heap_4.o
 .debug_macro   0x00000c08      0x15a ./FREE_RTOS/portable/MemMang/heap_4.o
 .debug_macro   0x00000d62       0xe3 ./FREE_RTOS/portable/MemMang/heap_4.o
 .debug_macro   0x00000e45       0x1c ./FREE_RTOS/portable/MemMang/heap_4.o
 .debug_macro   0x00000e61       0x26 ./FREE_RTOS/portable/MemMang/heap_4.o
 .debug_macro   0x00000e87      0x50b ./FREE_RTOS/portable/MemMang/heap_4.o
 .debug_macro   0x00001392       0xb5 ./FREE_RTOS/portable/MemMang/heap_4.o
 .debug_macro   0x00001447      0x120 ./FREE_RTOS/portable/MemMang/heap_4.o
 .debug_macro   0x00001567      0x196 ./FREE_RTOS/portable/GCC/port.o
 .debug_macro   0x000016fd      0x174 ./FREE_RTOS/portable/GCC/port.o
 .debug_macro   0x00001871      0x184 ./FREE_RTOS/list.o
 .debug_macro   0x000019f5      0x208 ./FREE_RTOS/queue.o
 .debug_macro   0x00001bfd       0x16 ./FREE_RTOS/queue.o
 .debug_macro   0x00001c13       0x35 ./FREE_RTOS/queue.o
 .debug_macro   0x00001c48       0x80 ./FREE_RTOS/queue.o
 .debug_macro   0x00001cc8      0x265 ./FREE_RTOS/tasks.o
 .debug_macro   0x00001f2d       0x10 ./FREE_RTOS/tasks.o
 .debug_macro   0x00001f3d      0x1cd ./FREE_RTOS/timers.o
 .debug_macro   0x0000210a       0x97 ./FREE_RTOS/timers.o
 .debug_macro   0x000021a1       0xed ./CMSIS/system_apm32f4xx.o
 .debug_macro   0x0000228e       0xf0 ./Application/apm32f4xx_int.o
 .debug_macro   0x0000237e      0x33f ./Application/main.o
 .debug_macro   0x000026bd       0x16 ./Application/main.o
 .debug_macro   0x000026d3       0x97 ./Application/main.o
 .debug_macro   0x0000276a      0x333 ./Application/main.o
 .debug_macro   0x00002a9d       0xfd ./Application/main.o
 .debug_macro   0x00002b9a       0x10 ./Application/main.o
 .debug_macro   0x00002baa       0x10 ./Application/main.o
 .debug_macro   0x00002bba       0x1c ./Application/main.o
 .debug_macro   0x00002bd6       0x52 ./Application/main.o
 .debug_macro   0x00002c28       0x22 ./Application/main.o
 .debug_macro   0x00002c4a       0x10 ./Application/main.o
 .debug_macro   0x00002c5a       0x40 ./Application/main.o
 .debug_macro   0x00002c9a       0xd5 ./Application/main.o
 .debug_macro   0x00002d6f       0x1c ./Application/main.o
 .debug_macro   0x00002d8b       0x3d ./Application/main.o
 .debug_macro   0x00002dc8       0x16 ./Application/main.o
 .debug_macro   0x00002dde      0x16f ./Application/main.o
 .debug_macro   0x00002f4d      0x100 ./Application/main.o

.debug_line     0x00000000     0x8efc
 .debug_line    0x00000000      0x969 ./FREE_RTOS/portable/MemMang/heap_4.o
 .debug_line    0x00000969      0x693 ./FREE_RTOS/portable/GCC/port.o
 .debug_line    0x00000ffc      0x65a ./FREE_RTOS/list.o
 .debug_line    0x00001656     0x27cd ./FREE_RTOS/queue.o
 .debug_line    0x00003e23     0x2fc6 ./FREE_RTOS/tasks.o
 .debug_line    0x00006de9      0xe0c ./FREE_RTOS/timers.o
 .debug_line    0x00007bf5       0xbb ./CMSIS/startup_apm32f40x.o
 .debug_line    0x00007cb0      0x525 ./CMSIS/system_apm32f4xx.o
 .debug_line    0x000081d5      0x4c3 ./Application/apm32f4xx_int.o
 .debug_line    0x00008698      0x864 ./Application/main.o

.debug_str      0x00000000    0x1b5cb
 .debug_str     0x00000000     0xb9c5 ./FREE_RTOS/portable/MemMang/heap_4.o
                               0xbc20 (size before relaxing)
 .debug_str     0x0000b9c5      0x7c8 ./FREE_RTOS/portable/GCC/port.o
                               0x9393 (size before relaxing)
 .debug_str     0x0000c18d      0x159 ./FREE_RTOS/list.o
                               0xa781 (size before relaxing)
 .debug_str     0x0000c2e6     0x1155 ./FREE_RTOS/queue.o
                               0xcb85 (size before relaxing)
 .debug_str     0x0000d43b     0x1ab4 ./FREE_RTOS/tasks.o
                               0xd7f1 (size before relaxing)
 .debug_str     0x0000eeef      0x53a ./FREE_RTOS/timers.o
                               0xcf57 (size before relaxing)
 .debug_str     0x0000f429       0x69 ./CMSIS/startup_apm32f40x.o
                                 0xb5 (size before relaxing)
 .debug_str     0x0000f492     0xa5ee ./CMSIS/system_apm32f4xx.o
                               0xe445 (size before relaxing)
 .debug_str     0x00019a80      0x1a1 ./Application/apm32f4xx_int.o
                               0xda81 (size before relaxing)
 .debug_str     0x00019c21     0x19aa ./Application/main.o
                              0x17493 (size before relaxing)

.comment        0x00000000       0x4c
 .comment       0x00000000       0x4c ./FREE_RTOS/portable/MemMang/heap_4.o
                                 0x4d (size before relaxing)
 .comment       0x0000004c       0x4d ./FREE_RTOS/portable/GCC/port.o
 .comment       0x0000004c       0x4d ./FREE_RTOS/list.o
 .comment       0x0000004c       0x4d ./FREE_RTOS/queue.o
 .comment       0x0000004c       0x4d ./FREE_RTOS/tasks.o
 .comment       0x0000004c       0x4d ./FREE_RTOS/timers.o
 .comment       0x0000004c       0x4d ./CMSIS/system_apm32f4xx.o
 .comment       0x0000004c       0x4d ./Application/apm32f4xx_int.o
 .comment       0x0000004c       0x4d ./Application/main.o

.debug_frame    0x00000000      0xfd8
 .debug_frame   0x00000000       0xb4 ./FREE_RTOS/portable/MemMang/heap_4.o
 .debug_frame   0x000000b4      0x108 ./FREE_RTOS/portable/GCC/port.o
 .debug_frame   0x000001bc       0x88 ./FREE_RTOS/list.o
 .debug_frame   0x00000244      0x354 ./FREE_RTOS/queue.o
 .debug_frame   0x00000598      0x6a8 ./FREE_RTOS/tasks.o
 .debug_frame   0x00000c40      0x200 ./FREE_RTOS/timers.o
 .debug_frame   0x00000e40       0x40 ./CMSIS/system_apm32f4xx.o
 .debug_frame   0x00000e80       0x70 ./Application/apm32f4xx_int.o
 .debug_frame   0x00000ef0       0x74 ./Application/main.o
 .debug_frame   0x00000f64       0x2c c:/program files (x86)/gnu arm eclipse/build tools/arm-none-eabi-gcc/bin/../lib/gcc/arm-none-eabi/9.3.1/../../../../arm-none-eabi/lib/thumb/v7e-m+fp/hard\libg_nano.a(lib_a-init.o)
 .debug_frame   0x00000f90       0x28 c:/program files (x86)/gnu arm eclipse/build tools/arm-none-eabi-gcc/bin/../lib/gcc/arm-none-eabi/9.3.1/../../../../arm-none-eabi/lib/thumb/v7e-m+fp/hard\libg_nano.a(lib_a-memcpy-stub.o)
 .debug_frame   0x00000fb8       0x20 c:/program files (x86)/gnu arm eclipse/build tools/arm-none-eabi-gcc/bin/../lib/gcc/arm-none-eabi/9.3.1/../../../../arm-none-eabi/lib/thumb/v7e-m+fp/hard\libg_nano.a(lib_a-memset.o)
